// Jest Snapshot v1, https://goo.gl/fbAQLP

exports[`Button UI <Button /> must have the snapshot version. 1`] = `
<div
  className="button--wrapper "
>
  <button
    className="button button--medium button--primary"
    onClick={[Function]}
  >
    Needs a name
  </button>
</div>
`;
