// Jest Snapshot v1, https://goo.gl/fbAQLP

exports[`Error UI <Error /> must have the snapshot version. 1`] = `
<div
  className="error"
>
  Desculpe! 
  <br />
  Alguma coisa n√£o deu certo. 
  <br />
  Tente novamente mais tarde.
</div>
`;
